// Jest Snapshot v1, https://goo.gl/fbAQLP

exports[`AddTripForm component Matches snapshot 1`] = `<AddTripForm />`;
