// Jest Snapshot v1, https://goo.gl/fbAQLP

exports[`Dashboard component Matches snapshot 1`] = `<Dashboard />`;
