// Jest Snapshot v1, https://goo.gl/fbAQLP

exports[`ErrorBoundary component Matches snapshot 1`] = `<ErrorBoundary />`;
