// Jest Snapshot v1, https://goo.gl/fbAQLP

exports[`TripCards component Matches snapshot 1`] = `<TripCards />`;
