// Jest Snapshot v1, https://goo.gl/fbAQLP

exports[`TripView component Matches snapshot 1`] = `
<Trip
  match={
    Object {
      "params": Object {
        "trips_id": 1,
      },
    }
  }
/>
`;
